============================= test session starts =============================
platform win32 -- Python 3.12.10, pytest-9.0.1, pluggy-1.6.0 -- C:\Program Files\Python312\python.exe
cachedir: .pytest_cache
rootdir: C:\Users\nickn\OneDrive\Desktop\aura_clean\tests
configfile: pytest.ini
plugins: anyio-4.11.0
collecting ... collected 0 items / 1 error

=================================== ERRORS ====================================
__________________ ERROR collecting test_snn_integration.py ___________________
ImportError while importing test module 'C:\Users\nickn\OneDrive\Desktop\aura_clean\tests\test_snn_integration.py'.
Hint: make sure your test modules/packages have valid Python names.
Traceback:
C:\Program Files\Python312\Lib\importlib\__init__.py:90: in import_module
    return _bootstrap._gcd_import(name[level:], package, level)
           ^^^^^^^^^^^^^^^^^^^^^^^^^^^^^^^^^^^^^^^^^^^^^^^^^^^^
tests\test_snn_integration.py:4: in <module>
    from core.brain import create_aura_brain
src\core\__init__.py:1: in <module>
    from .brain import EnhancedBrain
src\core\brain.py:41: in <module>
    from core.experts import ExpertNLMSHead, NLMSExpertAdapter
E   ImportError: cannot import name 'ExpertNLMSHead' from 'core.experts' (C:\Users\nickn\OneDrive\Desktop\aura_clean\src\core\experts.py)
------------------------------- Captured stdout -------------------------------
\U0001f9ea Test configuration loaded\n\U0001f4c1 Project root: C:\\Users\\nickn\\OneDrive\\Desktop\\aura_clean\n\U0001f4e6 Source path: C:\\Users\\nickn\\OneDrive\\Desktop\\aura_clean\\src\n\U0001f3af Ready for pytest execution with shared fixtures and utilities
=========================== short test summary info ===========================
ERROR tests\test_snn_integration.py
!!!!!!!!!!!!!!!!!!! Interrupted: 1 error during collection !!!!!!!!!!!!!!!!!!!!
============================== 1 error in 2.89s ===============================
